// Jest Snapshot v1, https://goo.gl/fbAQLP

exports[`Button tests Matches snapshot 1`] = `
<DocumentFragment>
  <button
    class="px-4 py-2 rounded-full text-white font-semibold transition duration-200 focus:outline-none focus:ring-2 focus:ring-offset-2 bg-primary hover:bg-blue-600 focus:ring-blue-400 "
  >
    My great button
  </button>
</DocumentFragment>
`;
